INFO:core.algoritm:
### Configurando el espacio de esas regiones:

INFO:core.algoritm:
### Configurando las propiedades de los materiales:
INFO:core.algoritm:### Configurando el orden de la cuadratura:

INFO:core.algoritm:### Realizando cálculos preliminares:

INFO:core.algoritm:
### Configuracion completa:

Configuracion del programa: 1 regiones, 1 zonas.            
Discretizacion espacial: [100]
Espesores: [100.]
Distribucion de zonas: [1]            
Propiedades materiales:
Sigma_T: [1.]
Sigma_S: [0.97]
Fuentes: [1.]            
Orden de cuadratura: S4 con 2 direcciones.            
Pesos: [0.34785485 0.65214515]
Direcciones: [0.86113631 0.33998104]

INFO:core.algoritm:Runner inicializado correctamente con los siguientes datos

Configuracion del programa: 1 regiones, 1 zonas.            
Discretizacion espacial: [100]
Espesores: [100.]
Distribucion de zonas: [1]            
Propiedades materiales:
Sigma_T: [1.]
Sigma_S: [0.97]
Fuentes: [1.]            
Orden de cuadratura: S4 con 2 direcciones.            
Pesos: [0.34785485 0.65214515]
Direcciones: [0.86113631 0.33998104]
.

INFO:core.algoritm:Iniciando Iteración número: 1
INFO:core.algoritm:Iniciado Barrido de Izquierda a Derecha, e iniciando contador t
INFO:core.algoritm:Finalizado Barrido de Izquierda a Derecha, tiempo: 0.0005602836608886719 [s]
INFO:core.algoritm:Iniciado Barrido de Derecha a Izquierda, e iniciando contador t
INFO:core.algoritm:Finalizado Barrido de Derecha a Izquierda, tiempo: 0.000701904296875 [s]
INFO:core.algoritm:Iniciado Cálculo de flujo, e iniciando contador t
INFO:core.algoritm:Finalizado Cálculo de flujo, y finalizado contador t: 0.0007505416870117188 [s]
INFO:core.algoritm:Iniciado Actualización de fuente, e iniciando contador t
INFO:core.algoritm:Finalizado Actualización de fuente, y finalizado contador t: 8.153915405273438e-05 [s]
INFO:core.algoritm:Cambio máximo relativo en el flujo: 0.9999999999500003
INFO:core.algoritm:Iniciando Iteración número: 2
INFO:core.algoritm:Iniciado Barrido de Izquierda a Derecha, e iniciando contador t
INFO:core.algoritm:Finalizado Barrido de Izquierda a Derecha, tiempo: 0.00032019615173339844 [s]
INFO:core.algoritm:Iniciado Barrido de Derecha a Izquierda, e iniciando contador t
INFO:core.algoritm:Finalizado Barrido de Derecha a Izquierda, tiempo: 0.0003376007080078125 [s]
INFO:core.algoritm:Iniciado Cálculo de flujo, e iniciando contador t
INFO:core.algoritm:Finalizado Cálculo de flujo, y finalizado contador t: 0.0007295608520507812 [s]
INFO:core.algoritm:Iniciado Actualización de fuente, e iniciando contador t
INFO:core.algoritm:Finalizado Actualización de fuente, y finalizado contador t: 7.510185241699219e-05 [s]
INFO:core.algoritm:Cambio máximo relativo en el flujo: 0.0
