INFO:core.algoritm:
### Configurando el espacio de esas regiones:

INFO:core.algoritm:
### Configurando las propiedades de los materiales:
INFO:core.algoritm:### Configurando el orden de la cuadratura:

INFO:core.algoritm:### Realizando cálculos preliminares:

INFO:core.algoritm:
### Configuracion completa:

Configuracion del programa: 1 regiones, 1 zonas.            
Discretizacion espacial: [100]
Espesores: [100.]
Distribucion de zonas: [1]            
Propiedades materiales:
Sigma_T: [1.]
Sigma_S: [0.97]
Fuentes: [1.]            
Orden de cuadratura: S2 con 1 direcciones.            
Pesos: [1.]
Direcciones: [0.57735027]

INFO:core.algoritm:Runner inicializado correctamente con los siguientes datos

Configuracion del programa: 1 regiones, 1 zonas.            
Discretizacion espacial: [100]
Espesores: [100.]
Distribucion de zonas: [1]            
Propiedades materiales:
Sigma_T: [1.]
Sigma_S: [0.97]
Fuentes: [1.]            
Orden de cuadratura: S2 con 1 direcciones.            
Pesos: [1.]
Direcciones: [0.57735027]
.

INFO:core.algoritm:Iniciando Iteración número: 1
INFO:core.algoritm:Iniciado Barrido de Izquierda a Derecha, e iniciando contador t
INFO:core.algoritm:Finalizado Barrido de Izquierda a Derecha, tiempo: 0.0002880096435546875 [s]
INFO:core.algoritm:Iniciado Barrido de Derecha a Izquierda, e iniciando contador t
INFO:core.algoritm:Finalizado Barrido de Derecha a Izquierda, tiempo: 0.00027942657470703125 [s]
INFO:core.algoritm:Iniciado Cálculo de flujo, e iniciando contador t
INFO:core.algoritm:Finalizado Cálculo de flujo, y finalizado contador t: 0.0005013942718505859 [s]
INFO:core.algoritm:Iniciado Actualización de fuente, e iniciando contador t
INFO:core.algoritm:Finalizado Actualización de fuente, y finalizado contador t: 0.00010561943054199219 [s]
INFO:core.algoritm:Cambio máximo relativo en el flujo: 0.9999999999500001
INFO:core.algoritm:Iniciando Iteración número: 2
INFO:core.algoritm:Iniciado Barrido de Izquierda a Derecha, e iniciando contador t
INFO:core.algoritm:Finalizado Barrido de Izquierda a Derecha, tiempo: 0.000255584716796875 [s]
INFO:core.algoritm:Iniciado Barrido de Derecha a Izquierda, e iniciando contador t
INFO:core.algoritm:Finalizado Barrido de Derecha a Izquierda, tiempo: 0.00027370452880859375 [s]
INFO:core.algoritm:Iniciado Cálculo de flujo, e iniciando contador t
INFO:core.algoritm:Finalizado Cálculo de flujo, y finalizado contador t: 0.00048804283142089844 [s]
INFO:core.algoritm:Iniciado Actualización de fuente, e iniciando contador t
INFO:core.algoritm:Finalizado Actualización de fuente, y finalizado contador t: 0.00010395050048828125 [s]
INFO:core.algoritm:Cambio máximo relativo en el flujo: 0.0
