INFO:core.algoritm:Configuración completa.
Celdas Totales: 100, Orden: S2
INFO:core.algoritm:Iniciando Iteración de Fuente...
INFO:core.algoritm:Iter 1: Error Max = 1.00e+00
INFO:core.algoritm:Iter 2: Error Max = 9.76e-01
INFO:core.algoritm:Iter 3: Error Max = 9.53e-01
INFO:core.algoritm:Iter 4: Error Max = 9.32e-01
INFO:core.algoritm:Iter 5: Error Max = 9.11e-01
INFO:core.algoritm:Iter 6: Error Max = 8.92e-01
INFO:core.algoritm:Iter 7: Error Max = 8.74e-01
INFO:core.algoritm:Iter 8: Error Max = 8.57e-01
INFO:core.algoritm:Iter 9: Error Max = 8.41e-01
INFO:core.algoritm:Iter 10: Error Max = 8.26e-01
INFO:core.algoritm:Iter 11: Error Max = 8.12e-01
INFO:core.algoritm:Iter 12: Error Max = 7.86e-01
INFO:core.algoritm:Iter 13: Error Max = 7.74e-01
INFO:core.algoritm:Iter 14: Error Max = 7.62e-01
INFO:core.algoritm:Iter 15: Error Max = 7.37e-01
INFO:core.algoritm:Iter 16: Error Max = 7.26e-01
INFO:core.algoritm:Iter 17: Error Max = 7.17e-01
INFO:core.algoritm:Iter 18: Error Max = 6.92e-01
INFO:core.algoritm:Iter 19: Error Max = 6.84e-01
INFO:core.algoritm:Iter 20: Error Max = 6.76e-01
INFO:core.algoritm:Iter 21: Error Max = 6.53e-01
INFO:core.algoritm:Iter 22: Error Max = 6.47e-01
INFO:core.algoritm:Iter 23: Error Max = 6.24e-01
INFO:core.algoritm:Iter 24: Error Max = 6.19e-01
INFO:core.algoritm:Iter 25: Error Max = 6.14e-01
INFO:core.algoritm:Iter 26: Error Max = 5.93e-01
INFO:core.algoritm:Iter 27: Error Max = 5.89e-01
INFO:core.algoritm:Iter 28: Error Max = 5.69e-01
INFO:core.algoritm:Iter 29: Error Max = 5.66e-01
INFO:core.algoritm:Iter 30: Error Max = 5.47e-01
INFO:core.algoritm:Iter 31: Error Max = 5.45e-01
INFO:core.algoritm:Iter 32: Error Max = 5.27e-01
INFO:core.algoritm:Iter 33: Error Max = 5.25e-01
INFO:core.algoritm:Iter 34: Error Max = 5.08e-01
INFO:core.algoritm:Iter 35: Error Max = 5.07e-01
INFO:core.algoritm:Iter 36: Error Max = 4.90e-01
INFO:core.algoritm:Iter 37: Error Max = 4.90e-01
INFO:core.algoritm:Iter 38: Error Max = 4.74e-01
INFO:core.algoritm:Iter 39: Error Max = 4.74e-01
INFO:core.algoritm:Iter 40: Error Max = 4.59e-01
INFO:core.algoritm:Iter 41: Error Max = 4.45e-01
INFO:core.algoritm:Iter 42: Error Max = 4.46e-01
INFO:core.algoritm:Iter 43: Error Max = 4.32e-01
INFO:core.algoritm:Iter 44: Error Max = 4.33e-01
INFO:core.algoritm:Iter 45: Error Max = 4.20e-01
INFO:core.algoritm:Iter 46: Error Max = 4.21e-01
INFO:core.algoritm:Iter 47: Error Max = 4.09e-01
INFO:core.algoritm:Iter 48: Error Max = 3.96e-01
INFO:core.algoritm:Iter 49: Error Max = 3.98e-01
INFO:core.algoritm:Iter 50: Error Max = 3.87e-01
INFO:core.algoritm:Iter 51: Error Max = 3.88e-01
INFO:core.algoritm:Iter 52: Error Max = 3.78e-01
INFO:core.algoritm:Iter 53: Error Max = 3.67e-01
INFO:core.algoritm:Iter 54: Error Max = 3.69e-01
INFO:core.algoritm:Iter 55: Error Max = 3.59e-01
INFO:core.algoritm:Iter 56: Error Max = 3.49e-01
INFO:core.algoritm:Iter 57: Error Max = 3.51e-01
INFO:core.algoritm:Iter 58: Error Max = 3.42e-01
INFO:core.algoritm:Iter 59: Error Max = 3.44e-01
INFO:core.algoritm:Iter 60: Error Max = 3.35e-01
INFO:core.algoritm:Iter 61: Error Max = 3.27e-01
INFO:core.algoritm:Iter 62: Error Max = 3.29e-01
INFO:core.algoritm:Iter 63: Error Max = 3.21e-01
INFO:core.algoritm:Iter 64: Error Max = 3.12e-01
INFO:core.algoritm:Iter 65: Error Max = 3.15e-01
INFO:core.algoritm:Iter 66: Error Max = 3.07e-01
INFO:core.algoritm:Iter 67: Error Max = 3.00e-01
INFO:core.algoritm:Iter 68: Error Max = 3.02e-01
INFO:core.algoritm:Iter 69: Error Max = 2.95e-01
INFO:core.algoritm:Iter 70: Error Max = 2.88e-01
INFO:core.algoritm:Iter 71: Error Max = 2.91e-01
INFO:core.algoritm:Iter 72: Error Max = 2.84e-01
INFO:core.algoritm:Iter 73: Error Max = 2.77e-01
INFO:core.algoritm:Iter 74: Error Max = 2.80e-01
INFO:core.algoritm:Iter 75: Error Max = 2.74e-01
INFO:core.algoritm:Iter 76: Error Max = 2.67e-01
INFO:core.algoritm:Iter 77: Error Max = 2.61e-01
INFO:core.algoritm:Iter 78: Error Max = 2.64e-01
INFO:core.algoritm:Iter 79: Error Max = 2.58e-01
INFO:core.algoritm:Iter 80: Error Max = 2.52e-01
INFO:core.algoritm:Iter 81: Error Max = 2.55e-01
INFO:core.algoritm:Iter 82: Error Max = 2.50e-01
INFO:core.algoritm:Iter 83: Error Max = 2.44e-01
INFO:core.algoritm:Iter 84: Error Max = 2.47e-01
INFO:core.algoritm:Iter 85: Error Max = 2.42e-01
INFO:core.algoritm:Iter 86: Error Max = 2.37e-01
INFO:core.algoritm:Iter 87: Error Max = 2.32e-01
INFO:core.algoritm:Iter 88: Error Max = 2.35e-01
INFO:core.algoritm:Iter 89: Error Max = 2.30e-01
INFO:core.algoritm:Iter 90: Error Max = 2.25e-01
INFO:core.algoritm:Iter 91: Error Max = 2.28e-01
INFO:core.algoritm:Iter 92: Error Max = 2.23e-01
INFO:core.algoritm:Iter 93: Error Max = 2.19e-01
INFO:core.algoritm:Iter 94: Error Max = 2.14e-01
INFO:core.algoritm:Iter 95: Error Max = 2.17e-01
INFO:core.algoritm:Iter 96: Error Max = 2.13e-01
INFO:core.algoritm:Iter 97: Error Max = 2.09e-01
INFO:core.algoritm:Iter 98: Error Max = 2.05e-01
INFO:core.algoritm:Iter 99: Error Max = 2.07e-01
INFO:core.algoritm:Iter 100: Error Max = 2.03e-01
INFO:core.algoritm:Iter 101: Error Max = 2.00e-01
INFO:core.algoritm:Iter 102: Error Max = 1.96e-01
INFO:core.algoritm:Iter 103: Error Max = 1.98e-01
INFO:core.algoritm:Iter 104: Error Max = 1.95e-01
INFO:core.algoritm:Iter 105: Error Max = 1.91e-01
INFO:core.algoritm:Iter 106: Error Max = 1.88e-01
INFO:core.algoritm:Iter 107: Error Max = 1.90e-01
INFO:core.algoritm:Iter 108: Error Max = 1.87e-01
INFO:core.algoritm:Iter 109: Error Max = 1.83e-01
INFO:core.algoritm:Iter 110: Error Max = 1.80e-01
INFO:core.algoritm:Iter 111: Error Max = 1.83e-01
INFO:core.algoritm:Iter 112: Error Max = 1.79e-01
INFO:core.algoritm:Iter 113: Error Max = 1.76e-01
INFO:core.algoritm:Iter 114: Error Max = 1.73e-01
INFO:core.algoritm:Iter 115: Error Max = 1.76e-01
INFO:core.algoritm:Iter 116: Error Max = 1.73e-01
INFO:core.algoritm:Iter 117: Error Max = 1.70e-01
INFO:core.algoritm:Iter 118: Error Max = 1.67e-01
INFO:core.algoritm:Iter 119: Error Max = 1.64e-01
INFO:core.algoritm:Iter 120: Error Max = 1.66e-01
INFO:core.algoritm:Iter 121: Error Max = 1.64e-01
INFO:core.algoritm:Iter 122: Error Max = 1.61e-01
INFO:core.algoritm:Iter 123: Error Max = 1.58e-01
INFO:core.algoritm:Iter 124: Error Max = 1.61e-01
INFO:core.algoritm:Iter 125: Error Max = 1.58e-01
INFO:core.algoritm:Iter 126: Error Max = 1.55e-01
INFO:core.algoritm:Iter 127: Error Max = 1.53e-01
INFO:core.algoritm:Iter 128: Error Max = 1.50e-01
INFO:core.algoritm:Iter 129: Error Max = 1.53e-01
INFO:core.algoritm:Iter 130: Error Max = 1.50e-01
INFO:core.algoritm:Iter 131: Error Max = 1.48e-01
INFO:core.algoritm:Iter 132: Error Max = 1.46e-01
INFO:core.algoritm:Iter 133: Error Max = 1.48e-01
INFO:core.algoritm:Iter 134: Error Max = 1.46e-01
INFO:core.algoritm:Iter 135: Error Max = 1.43e-01
INFO:core.algoritm:Iter 136: Error Max = 1.41e-01
INFO:core.algoritm:Iter 137: Error Max = 1.39e-01
INFO:core.algoritm:Iter 138: Error Max = 1.41e-01
INFO:core.algoritm:Iter 139: Error Max = 1.39e-01
INFO:core.algoritm:Iter 140: Error Max = 1.37e-01
INFO:core.algoritm:Iter 141: Error Max = 1.35e-01
INFO:core.algoritm:Iter 142: Error Max = 1.33e-01
INFO:core.algoritm:Iter 143: Error Max = 1.35e-01
INFO:core.algoritm:Iter 144: Error Max = 1.33e-01
INFO:core.algoritm:Iter 145: Error Max = 1.31e-01
INFO:core.algoritm:Iter 146: Error Max = 1.29e-01
INFO:core.algoritm:Iter 147: Error Max = 1.27e-01
INFO:core.algoritm:Iter 148: Error Max = 1.29e-01
INFO:core.algoritm:Iter 149: Error Max = 1.27e-01
INFO:core.algoritm:Iter 150: Error Max = 1.25e-01
INFO:core.algoritm:Iter 151: Error Max = 1.24e-01
INFO:core.algoritm:Iter 152: Error Max = 1.22e-01
INFO:core.algoritm:Iter 153: Error Max = 1.20e-01
INFO:core.algoritm:Iter 154: Error Max = 1.22e-01
INFO:core.algoritm:Iter 155: Error Max = 1.20e-01
INFO:core.algoritm:Iter 156: Error Max = 1.19e-01
INFO:core.algoritm:Iter 157: Error Max = 1.17e-01
INFO:core.algoritm:Iter 158: Error Max = 1.15e-01
INFO:core.algoritm:Iter 159: Error Max = 1.17e-01
INFO:core.algoritm:Iter 160: Error Max = 1.16e-01
INFO:core.algoritm:Iter 161: Error Max = 1.14e-01
INFO:core.algoritm:Iter 162: Error Max = 1.12e-01
INFO:core.algoritm:Iter 163: Error Max = 1.11e-01
INFO:core.algoritm:Iter 164: Error Max = 1.09e-01
INFO:core.algoritm:Iter 165: Error Max = 1.11e-01
INFO:core.algoritm:Iter 166: Error Max = 1.10e-01
INFO:core.algoritm:Iter 167: Error Max = 1.08e-01
INFO:core.algoritm:Iter 168: Error Max = 1.07e-01
INFO:core.algoritm:Iter 169: Error Max = 1.05e-01
INFO:core.algoritm:Iter 170: Error Max = 1.07e-01
INFO:core.algoritm:Iter 171: Error Max = 1.06e-01
INFO:core.algoritm:Iter 172: Error Max = 1.04e-01
INFO:core.algoritm:Iter 173: Error Max = 1.03e-01
INFO:core.algoritm:Iter 174: Error Max = 1.02e-01
INFO:core.algoritm:Iter 175: Error Max = 1.00e-01
INFO:core.algoritm:Iter 176: Error Max = 1.02e-01
INFO:core.algoritm:Iter 177: Error Max = 1.01e-01
INFO:core.algoritm:Iter 178: Error Max = 9.94e-02
INFO:core.algoritm:Iter 179: Error Max = 9.81e-02
INFO:core.algoritm:Iter 180: Error Max = 9.68e-02
INFO:core.algoritm:Iter 181: Error Max = 9.56e-02
INFO:core.algoritm:Iter 182: Error Max = 9.73e-02
INFO:core.algoritm:Iter 183: Error Max = 9.61e-02
INFO:core.algoritm:Iter 184: Error Max = 9.48e-02
INFO:core.algoritm:Iter 185: Error Max = 9.36e-02
INFO:core.algoritm:Iter 186: Error Max = 9.24e-02
INFO:core.algoritm:Iter 187: Error Max = 9.13e-02
INFO:core.algoritm:Iter 188: Error Max = 9.01e-02
INFO:core.algoritm:Iter 189: Error Max = 9.18e-02
INFO:core.algoritm:Iter 190: Error Max = 9.06e-02
INFO:core.algoritm:Iter 191: Error Max = 8.95e-02
INFO:core.algoritm:Iter 192: Error Max = 8.84e-02
INFO:core.algoritm:Iter 193: Error Max = 8.73e-02
INFO:core.algoritm:Iter 194: Error Max = 8.62e-02
INFO:core.algoritm:Iter 195: Error Max = 8.78e-02
INFO:core.algoritm:Iter 196: Error Max = 8.67e-02
INFO:core.algoritm:Iter 197: Error Max = 8.57e-02
INFO:core.algoritm:Iter 198: Error Max = 8.46e-02
INFO:core.algoritm:Iter 199: Error Max = 8.36e-02
INFO:core.algoritm:Iter 200: Error Max = 8.26e-02
INFO:core.algoritm:Iter 201: Error Max = 8.16e-02
INFO:core.algoritm:Iter 202: Error Max = 8.31e-02
INFO:core.algoritm:Iter 203: Error Max = 8.21e-02
INFO:core.algoritm:Iter 204: Error Max = 8.11e-02
INFO:core.algoritm:Iter 205: Error Max = 8.02e-02
INFO:core.algoritm:Iter 206: Error Max = 7.92e-02
INFO:core.algoritm:Iter 207: Error Max = 7.82e-02
INFO:core.algoritm:Iter 208: Error Max = 7.73e-02
INFO:core.algoritm:Iter 209: Error Max = 7.88e-02
INFO:core.algoritm:Iter 210: Error Max = 7.79e-02
INFO:core.algoritm:Iter 211: Error Max = 7.70e-02
INFO:core.algoritm:Iter 212: Error Max = 7.60e-02
INFO:core.algoritm:Iter 213: Error Max = 7.52e-02
INFO:core.algoritm:Iter 214: Error Max = 7.43e-02
INFO:core.algoritm:Iter 215: Error Max = 7.34e-02
INFO:core.algoritm:Iter 216: Error Max = 7.48e-02
INFO:core.algoritm:Iter 217: Error Max = 7.40e-02
INFO:core.algoritm:Iter 218: Error Max = 7.31e-02
INFO:core.algoritm:Iter 219: Error Max = 7.23e-02
INFO:core.algoritm:Iter 220: Error Max = 7.14e-02
INFO:core.algoritm:Iter 221: Error Max = 7.06e-02
INFO:core.algoritm:Iter 222: Error Max = 6.98e-02
INFO:core.algoritm:Iter 223: Error Max = 6.90e-02
INFO:core.algoritm:Iter 224: Error Max = 7.04e-02
INFO:core.algoritm:Iter 225: Error Max = 6.96e-02
INFO:core.algoritm:Iter 226: Error Max = 6.88e-02
INFO:core.algoritm:Iter 227: Error Max = 6.80e-02
INFO:core.algoritm:Iter 228: Error Max = 6.72e-02
INFO:core.algoritm:Iter 229: Error Max = 6.65e-02
INFO:core.algoritm:Iter 230: Error Max = 6.57e-02
INFO:core.algoritm:Iter 231: Error Max = 6.50e-02
INFO:core.algoritm:Iter 232: Error Max = 6.63e-02
INFO:core.algoritm:Iter 233: Error Max = 6.55e-02
INFO:core.algoritm:Iter 234: Error Max = 6.48e-02
INFO:core.algoritm:Iter 235: Error Max = 6.41e-02
INFO:core.algoritm:Iter 236: Error Max = 6.34e-02
INFO:core.algoritm:Iter 237: Error Max = 6.27e-02
INFO:core.algoritm:Iter 238: Error Max = 6.20e-02
INFO:core.algoritm:Iter 239: Error Max = 6.13e-02
INFO:core.algoritm:Iter 240: Error Max = 6.25e-02
INFO:core.algoritm:Iter 241: Error Max = 6.18e-02
INFO:core.algoritm:Iter 242: Error Max = 6.12e-02
INFO:core.algoritm:Iter 243: Error Max = 6.05e-02
INFO:core.algoritm:Iter 244: Error Max = 5.98e-02
INFO:core.algoritm:Iter 245: Error Max = 5.92e-02
INFO:core.algoritm:Iter 246: Error Max = 5.85e-02
INFO:core.algoritm:Iter 247: Error Max = 5.79e-02
INFO:core.algoritm:Iter 248: Error Max = 5.73e-02
INFO:core.algoritm:Iter 249: Error Max = 5.85e-02
INFO:core.algoritm:Iter 250: Error Max = 5.78e-02
INFO:core.algoritm:Iter 251: Error Max = 5.72e-02
INFO:core.algoritm:Iter 252: Error Max = 5.66e-02
INFO:core.algoritm:Iter 253: Error Max = 5.60e-02
INFO:core.algoritm:Iter 254: Error Max = 5.54e-02
INFO:core.algoritm:Iter 255: Error Max = 5.48e-02
INFO:core.algoritm:Iter 256: Error Max = 5.42e-02
INFO:core.algoritm:Iter 257: Error Max = 5.36e-02
INFO:core.algoritm:Iter 258: Error Max = 5.47e-02
INFO:core.algoritm:Iter 259: Error Max = 5.42e-02
INFO:core.algoritm:Iter 260: Error Max = 5.36e-02
INFO:core.algoritm:Iter 261: Error Max = 5.30e-02
INFO:core.algoritm:Iter 262: Error Max = 5.25e-02
INFO:core.algoritm:Iter 263: Error Max = 5.19e-02
INFO:core.algoritm:Iter 264: Error Max = 5.13e-02
INFO:core.algoritm:Iter 265: Error Max = 5.08e-02
INFO:core.algoritm:Iter 266: Error Max = 5.03e-02
INFO:core.algoritm:Iter 267: Error Max = 5.14e-02
INFO:core.algoritm:Iter 268: Error Max = 5.08e-02
INFO:core.algoritm:Iter 269: Error Max = 5.03e-02
INFO:core.algoritm:Iter 270: Error Max = 4.98e-02
INFO:core.algoritm:Iter 271: Error Max = 4.92e-02
INFO:core.algoritm:Iter 272: Error Max = 4.87e-02
INFO:core.algoritm:Iter 273: Error Max = 4.82e-02
INFO:core.algoritm:Iter 274: Error Max = 4.77e-02
INFO:core.algoritm:Iter 275: Error Max = 4.72e-02
INFO:core.algoritm:Iter 276: Error Max = 4.67e-02
INFO:core.algoritm:Iter 277: Error Max = 4.77e-02
INFO:core.algoritm:Iter 278: Error Max = 4.73e-02
INFO:core.algoritm:Iter 279: Error Max = 4.68e-02
INFO:core.algoritm:Iter 280: Error Max = 4.63e-02
INFO:core.algoritm:Iter 281: Error Max = 4.58e-02
INFO:core.algoritm:Iter 282: Error Max = 4.53e-02
INFO:core.algoritm:Iter 283: Error Max = 4.49e-02
INFO:core.algoritm:Iter 284: Error Max = 4.44e-02
INFO:core.algoritm:Iter 285: Error Max = 4.39e-02
INFO:core.algoritm:Iter 286: Error Max = 4.35e-02
INFO:core.algoritm:Iter 287: Error Max = 4.45e-02
INFO:core.algoritm:Iter 288: Error Max = 4.40e-02
INFO:core.algoritm:Iter 289: Error Max = 4.36e-02
INFO:core.algoritm:Iter 290: Error Max = 4.31e-02
INFO:core.algoritm:Iter 291: Error Max = 4.27e-02
INFO:core.algoritm:Iter 292: Error Max = 4.22e-02
INFO:core.algoritm:Iter 293: Error Max = 4.18e-02
INFO:core.algoritm:Iter 294: Error Max = 4.14e-02
INFO:core.algoritm:Iter 295: Error Max = 4.10e-02
INFO:core.algoritm:Iter 296: Error Max = 4.05e-02
INFO:core.algoritm:Iter 297: Error Max = 4.01e-02
INFO:core.algoritm:Iter 298: Error Max = 4.11e-02
INFO:core.algoritm:Iter 299: Error Max = 4.06e-02
INFO:core.algoritm:Iter 300: Error Max = 4.02e-02
INFO:core.algoritm:Iter 301: Error Max = 3.98e-02
INFO:core.algoritm:Iter 302: Error Max = 3.94e-02
INFO:core.algoritm:Iter 303: Error Max = 3.90e-02
INFO:core.algoritm:Iter 304: Error Max = 3.86e-02
INFO:core.algoritm:Iter 305: Error Max = 3.82e-02
INFO:core.algoritm:Iter 306: Error Max = 3.79e-02
INFO:core.algoritm:Iter 307: Error Max = 3.75e-02
INFO:core.algoritm:Iter 308: Error Max = 3.71e-02
INFO:core.algoritm:Iter 309: Error Max = 3.80e-02
INFO:core.algoritm:Iter 310: Error Max = 3.76e-02
INFO:core.algoritm:Iter 311: Error Max = 3.72e-02
INFO:core.algoritm:Iter 312: Error Max = 3.68e-02
INFO:core.algoritm:Iter 313: Error Max = 3.65e-02
INFO:core.algoritm:Iter 314: Error Max = 3.61e-02
INFO:core.algoritm:Iter 315: Error Max = 3.57e-02
INFO:core.algoritm:Iter 316: Error Max = 3.54e-02
INFO:core.algoritm:Iter 317: Error Max = 3.50e-02
INFO:core.algoritm:Iter 318: Error Max = 3.47e-02
INFO:core.algoritm:Iter 319: Error Max = 3.43e-02
INFO:core.algoritm:Iter 320: Error Max = 3.40e-02
INFO:core.algoritm:Iter 321: Error Max = 3.36e-02
INFO:core.algoritm:Iter 322: Error Max = 3.45e-02
INFO:core.algoritm:Iter 323: Error Max = 3.41e-02
INFO:core.algoritm:Iter 324: Error Max = 3.38e-02
INFO:core.algoritm:Iter 325: Error Max = 3.34e-02
INFO:core.algoritm:Iter 326: Error Max = 3.31e-02
INFO:core.algoritm:Iter 327: Error Max = 3.28e-02
INFO:core.algoritm:Iter 328: Error Max = 3.25e-02
INFO:core.algoritm:Iter 329: Error Max = 3.21e-02
INFO:core.algoritm:Iter 330: Error Max = 3.18e-02
INFO:core.algoritm:Iter 331: Error Max = 3.15e-02
INFO:core.algoritm:Iter 332: Error Max = 3.12e-02
INFO:core.algoritm:Iter 333: Error Max = 3.09e-02
INFO:core.algoritm:Iter 334: Error Max = 3.06e-02
INFO:core.algoritm:Iter 335: Error Max = 3.13e-02
INFO:core.algoritm:Iter 336: Error Max = 3.10e-02
INFO:core.algoritm:Iter 337: Error Max = 3.07e-02
INFO:core.algoritm:Iter 338: Error Max = 3.04e-02
INFO:core.algoritm:Iter 339: Error Max = 3.01e-02
INFO:core.algoritm:Iter 340: Error Max = 2.98e-02
INFO:core.algoritm:Iter 341: Error Max = 2.95e-02
INFO:core.algoritm:Iter 342: Error Max = 2.92e-02
INFO:core.algoritm:Iter 343: Error Max = 2.89e-02
INFO:core.algoritm:Iter 344: Error Max = 2.86e-02
INFO:core.algoritm:Iter 345: Error Max = 2.84e-02
INFO:core.algoritm:Iter 346: Error Max = 2.81e-02
INFO:core.algoritm:Iter 347: Error Max = 2.78e-02
INFO:core.algoritm:Iter 348: Error Max = 2.75e-02
INFO:core.algoritm:Iter 349: Error Max = 2.82e-02
INFO:core.algoritm:Iter 350: Error Max = 2.80e-02
INFO:core.algoritm:Iter 351: Error Max = 2.77e-02
INFO:core.algoritm:Iter 352: Error Max = 2.74e-02
INFO:core.algoritm:Iter 353: Error Max = 2.71e-02
INFO:core.algoritm:Iter 354: Error Max = 2.69e-02
INFO:core.algoritm:Iter 355: Error Max = 2.66e-02
INFO:core.algoritm:Iter 356: Error Max = 2.63e-02
INFO:core.algoritm:Iter 357: Error Max = 2.61e-02
INFO:core.algoritm:Iter 358: Error Max = 2.58e-02
INFO:core.algoritm:Iter 359: Error Max = 2.56e-02
INFO:core.algoritm:Iter 360: Error Max = 2.53e-02
INFO:core.algoritm:Iter 361: Error Max = 2.51e-02
INFO:core.algoritm:Iter 362: Error Max = 2.48e-02
INFO:core.algoritm:Iter 363: Error Max = 2.46e-02
INFO:core.algoritm:Iter 364: Error Max = 2.43e-02
INFO:core.algoritm:Iter 365: Error Max = 2.50e-02
INFO:core.algoritm:Iter 366: Error Max = 2.47e-02
INFO:core.algoritm:Iter 367: Error Max = 2.45e-02
INFO:core.algoritm:Iter 368: Error Max = 2.42e-02
INFO:core.algoritm:Iter 369: Error Max = 2.40e-02
INFO:core.algoritm:Iter 370: Error Max = 2.38e-02
INFO:core.algoritm:Iter 371: Error Max = 2.35e-02
INFO:core.algoritm:Iter 372: Error Max = 2.33e-02
INFO:core.algoritm:Iter 373: Error Max = 2.31e-02
INFO:core.algoritm:Iter 374: Error Max = 2.28e-02
INFO:core.algoritm:Iter 375: Error Max = 2.26e-02
INFO:core.algoritm:Iter 376: Error Max = 2.24e-02
INFO:core.algoritm:Iter 377: Error Max = 2.21e-02
INFO:core.algoritm:Iter 378: Error Max = 2.19e-02
INFO:core.algoritm:Iter 379: Error Max = 2.17e-02
INFO:core.algoritm:Iter 380: Error Max = 2.15e-02
INFO:core.algoritm:Iter 381: Error Max = 2.13e-02
INFO:core.algoritm:Iter 382: Error Max = 2.19e-02
INFO:core.algoritm:Iter 383: Error Max = 2.16e-02
INFO:core.algoritm:Iter 384: Error Max = 2.14e-02
INFO:core.algoritm:Iter 385: Error Max = 2.12e-02
INFO:core.algoritm:Iter 386: Error Max = 2.10e-02
INFO:core.algoritm:Iter 387: Error Max = 2.08e-02
INFO:core.algoritm:Iter 388: Error Max = 2.06e-02
INFO:core.algoritm:Iter 389: Error Max = 2.04e-02
INFO:core.algoritm:Iter 390: Error Max = 2.02e-02
INFO:core.algoritm:Iter 391: Error Max = 2.00e-02
INFO:core.algoritm:Iter 392: Error Max = 1.98e-02
INFO:core.algoritm:Iter 393: Error Max = 1.96e-02
INFO:core.algoritm:Iter 394: Error Max = 1.94e-02
INFO:core.algoritm:Iter 395: Error Max = 1.92e-02
INFO:core.algoritm:Iter 396: Error Max = 1.90e-02
INFO:core.algoritm:Iter 397: Error Max = 1.88e-02
INFO:core.algoritm:Iter 398: Error Max = 1.86e-02
INFO:core.algoritm:Iter 399: Error Max = 1.84e-02
INFO:core.algoritm:Iter 400: Error Max = 1.82e-02
INFO:core.algoritm:Iter 401: Error Max = 1.80e-02
INFO:core.algoritm:Iter 402: Error Max = 1.85e-02
INFO:core.algoritm:Iter 403: Error Max = 1.83e-02
INFO:core.algoritm:Iter 404: Error Max = 1.81e-02
INFO:core.algoritm:Iter 405: Error Max = 1.80e-02
INFO:core.algoritm:Iter 406: Error Max = 1.78e-02
INFO:core.algoritm:Iter 407: Error Max = 1.76e-02
INFO:core.algoritm:Iter 408: Error Max = 1.74e-02
INFO:core.algoritm:Iter 409: Error Max = 1.72e-02
INFO:core.algoritm:Iter 410: Error Max = 1.71e-02
INFO:core.algoritm:Iter 411: Error Max = 1.69e-02
INFO:core.algoritm:Iter 412: Error Max = 1.67e-02
INFO:core.algoritm:Iter 413: Error Max = 1.65e-02
INFO:core.algoritm:Iter 414: Error Max = 1.64e-02
INFO:core.algoritm:Iter 415: Error Max = 1.62e-02
INFO:core.algoritm:Iter 416: Error Max = 1.60e-02
INFO:core.algoritm:Iter 417: Error Max = 1.59e-02
INFO:core.algoritm:Iter 418: Error Max = 1.57e-02
INFO:core.algoritm:Iter 419: Error Max = 1.55e-02
INFO:core.algoritm:Iter 420: Error Max = 1.54e-02
INFO:core.algoritm:Iter 421: Error Max = 1.52e-02
INFO:core.algoritm:Iter 422: Error Max = 1.51e-02
INFO:core.algoritm:Iter 423: Error Max = 1.49e-02
INFO:core.algoritm:Iter 424: Error Max = 1.48e-02
INFO:core.algoritm:Iter 425: Error Max = 1.46e-02
INFO:core.algoritm:Iter 426: Error Max = 1.50e-02
INFO:core.algoritm:Iter 427: Error Max = 1.48e-02
INFO:core.algoritm:Iter 428: Error Max = 1.47e-02
INFO:core.algoritm:Iter 429: Error Max = 1.45e-02
INFO:core.algoritm:Iter 430: Error Max = 1.44e-02
INFO:core.algoritm:Iter 431: Error Max = 1.42e-02
INFO:core.algoritm:Iter 432: Error Max = 1.41e-02
INFO:core.algoritm:Iter 433: Error Max = 1.39e-02
INFO:core.algoritm:Iter 434: Error Max = 1.38e-02
INFO:core.algoritm:Iter 435: Error Max = 1.36e-02
INFO:core.algoritm:Iter 436: Error Max = 1.35e-02
INFO:core.algoritm:Iter 437: Error Max = 1.33e-02
INFO:core.algoritm:Iter 438: Error Max = 1.32e-02
INFO:core.algoritm:Iter 439: Error Max = 1.30e-02
INFO:core.algoritm:Iter 440: Error Max = 1.29e-02
INFO:core.algoritm:Iter 441: Error Max = 1.28e-02
INFO:core.algoritm:Iter 442: Error Max = 1.26e-02
INFO:core.algoritm:Iter 443: Error Max = 1.25e-02
INFO:core.algoritm:Iter 444: Error Max = 1.24e-02
INFO:core.algoritm:Iter 445: Error Max = 1.22e-02
INFO:core.algoritm:Iter 446: Error Max = 1.21e-02
INFO:core.algoritm:Iter 447: Error Max = 1.20e-02
INFO:core.algoritm:Iter 448: Error Max = 1.18e-02
INFO:core.algoritm:Iter 449: Error Max = 1.17e-02
INFO:core.algoritm:Iter 450: Error Max = 1.16e-02
INFO:core.algoritm:Iter 451: Error Max = 1.15e-02
INFO:core.algoritm:Iter 452: Error Max = 1.13e-02
INFO:core.algoritm:Iter 453: Error Max = 1.12e-02
INFO:core.algoritm:Iter 454: Error Max = 1.11e-02
INFO:core.algoritm:Iter 455: Error Max = 1.10e-02
INFO:core.algoritm:Iter 456: Error Max = 1.08e-02
INFO:core.algoritm:Iter 457: Error Max = 1.07e-02
INFO:core.algoritm:Iter 458: Error Max = 1.06e-02
INFO:core.algoritm:Iter 459: Error Max = 1.08e-02
INFO:core.algoritm:Iter 460: Error Max = 1.07e-02
INFO:core.algoritm:Iter 461: Error Max = 1.06e-02
INFO:core.algoritm:Iter 462: Error Max = 1.05e-02
INFO:core.algoritm:Iter 463: Error Max = 1.04e-02
INFO:core.algoritm:Iter 464: Error Max = 1.03e-02
INFO:core.algoritm:Iter 465: Error Max = 1.01e-02
INFO:core.algoritm:Iter 466: Error Max = 1.00e-02
INFO:core.algoritm:Iter 467: Error Max = 9.92e-03
INFO:core.algoritm:Iter 468: Error Max = 9.81e-03
INFO:core.algoritm:Iter 469: Error Max = 9.70e-03
INFO:core.algoritm:Iter 470: Error Max = 9.60e-03
INFO:core.algoritm:Iter 471: Error Max = 9.49e-03
INFO:core.algoritm:Iter 472: Error Max = 9.38e-03
INFO:core.algoritm:Iter 473: Error Max = 9.27e-03
INFO:core.algoritm:Iter 474: Error Max = 9.17e-03
INFO:core.algoritm:Iter 475: Error Max = 9.07e-03
INFO:core.algoritm:Iter 476: Error Max = 8.96e-03
INFO:core.algoritm:Iter 477: Error Max = 8.86e-03
INFO:core.algoritm:Iter 478: Error Max = 8.76e-03
INFO:core.algoritm:Iter 479: Error Max = 8.66e-03
INFO:core.algoritm:Iter 480: Error Max = 8.56e-03
INFO:core.algoritm:Iter 481: Error Max = 8.46e-03
INFO:core.algoritm:Iter 482: Error Max = 8.37e-03
INFO:core.algoritm:Iter 483: Error Max = 8.27e-03
INFO:core.algoritm:Iter 484: Error Max = 8.17e-03
INFO:core.algoritm:Iter 485: Error Max = 8.08e-03
INFO:core.algoritm:Iter 486: Error Max = 7.98e-03
INFO:core.algoritm:Iter 487: Error Max = 7.89e-03
INFO:core.algoritm:Iter 488: Error Max = 7.80e-03
INFO:core.algoritm:Iter 489: Error Max = 7.71e-03
INFO:core.algoritm:Iter 490: Error Max = 7.62e-03
INFO:core.algoritm:Iter 491: Error Max = 7.53e-03
INFO:core.algoritm:Iter 492: Error Max = 7.44e-03
INFO:core.algoritm:Iter 493: Error Max = 7.35e-03
INFO:core.algoritm:Iter 494: Error Max = 7.27e-03
INFO:core.algoritm:Iter 495: Error Max = 7.18e-03
INFO:core.algoritm:Iter 496: Error Max = 7.09e-03
INFO:core.algoritm:Iter 497: Error Max = 7.01e-03
INFO:core.algoritm:Iter 498: Error Max = 6.93e-03
INFO:core.algoritm:Iter 499: Error Max = 6.84e-03
INFO:core.algoritm:Iter 500: Error Max = 6.76e-03
INFO:core.algoritm:Iter 501: Error Max = 6.68e-03
INFO:core.algoritm:Iter 502: Error Max = 6.60e-03
INFO:core.algoritm:Iter 503: Error Max = 6.52e-03
INFO:core.algoritm:Iter 504: Error Max = 6.44e-03
INFO:core.algoritm:Iter 505: Error Max = 6.36e-03
INFO:core.algoritm:Iter 506: Error Max = 6.29e-03
INFO:core.algoritm:Iter 507: Error Max = 6.21e-03
INFO:core.algoritm:Iter 508: Error Max = 6.13e-03
INFO:core.algoritm:Iter 509: Error Max = 6.06e-03
INFO:core.algoritm:Iter 510: Error Max = 5.98e-03
INFO:core.algoritm:Iter 511: Error Max = 5.91e-03
INFO:core.algoritm:Iter 512: Error Max = 5.84e-03
INFO:core.algoritm:Iter 513: Error Max = 5.77e-03
INFO:core.algoritm:Iter 514: Error Max = 5.69e-03
INFO:core.algoritm:Iter 515: Error Max = 5.62e-03
INFO:core.algoritm:Iter 516: Error Max = 5.55e-03
INFO:core.algoritm:Iter 517: Error Max = 5.48e-03
INFO:core.algoritm:Iter 518: Error Max = 5.42e-03
INFO:core.algoritm:Iter 519: Error Max = 5.35e-03
INFO:core.algoritm:Iter 520: Error Max = 5.28e-03
INFO:core.algoritm:Iter 521: Error Max = 5.37e-03
INFO:core.algoritm:Iter 522: Error Max = 5.31e-03
INFO:core.algoritm:Iter 523: Error Max = 5.24e-03
INFO:core.algoritm:Iter 524: Error Max = 5.17e-03
INFO:core.algoritm:Iter 525: Error Max = 5.11e-03
INFO:core.algoritm:Iter 526: Error Max = 5.04e-03
INFO:core.algoritm:Iter 527: Error Max = 4.98e-03
INFO:core.algoritm:Iter 528: Error Max = 4.92e-03
INFO:core.algoritm:Iter 529: Error Max = 4.85e-03
INFO:core.algoritm:Iter 530: Error Max = 4.79e-03
INFO:core.algoritm:Iter 531: Error Max = 4.73e-03
INFO:core.algoritm:Iter 532: Error Max = 4.67e-03
INFO:core.algoritm:Iter 533: Error Max = 4.61e-03
INFO:core.algoritm:Iter 534: Error Max = 4.55e-03
INFO:core.algoritm:Iter 535: Error Max = 4.49e-03
INFO:core.algoritm:Iter 536: Error Max = 4.43e-03
INFO:core.algoritm:Iter 537: Error Max = 4.37e-03
INFO:core.algoritm:Iter 538: Error Max = 4.32e-03
INFO:core.algoritm:Iter 539: Error Max = 4.26e-03
INFO:core.algoritm:Iter 540: Error Max = 4.21e-03
INFO:core.algoritm:Iter 541: Error Max = 4.15e-03
INFO:core.algoritm:Iter 542: Error Max = 4.10e-03
INFO:core.algoritm:Iter 543: Error Max = 4.04e-03
INFO:core.algoritm:Iter 544: Error Max = 3.99e-03
INFO:core.algoritm:Iter 545: Error Max = 3.94e-03
INFO:core.algoritm:Iter 546: Error Max = 3.88e-03
INFO:core.algoritm:Iter 547: Error Max = 3.83e-03
INFO:core.algoritm:Iter 548: Error Max = 3.78e-03
INFO:core.algoritm:Iter 549: Error Max = 3.73e-03
INFO:core.algoritm:Iter 550: Error Max = 3.68e-03
INFO:core.algoritm:Iter 551: Error Max = 3.63e-03
INFO:core.algoritm:Iter 552: Error Max = 3.58e-03
INFO:core.algoritm:Iter 553: Error Max = 3.53e-03
INFO:core.algoritm:Iter 554: Error Max = 3.48e-03
INFO:core.algoritm:Iter 555: Error Max = 3.44e-03
INFO:core.algoritm:Iter 556: Error Max = 3.39e-03
INFO:core.algoritm:Iter 557: Error Max = 3.34e-03
INFO:core.algoritm:Iter 558: Error Max = 3.30e-03
INFO:core.algoritm:Iter 559: Error Max = 3.25e-03
INFO:core.algoritm:Iter 560: Error Max = 3.21e-03
INFO:core.algoritm:Iter 561: Error Max = 3.16e-03
INFO:core.algoritm:Iter 562: Error Max = 3.12e-03
INFO:core.algoritm:Iter 563: Error Max = 3.08e-03
INFO:core.algoritm:Iter 564: Error Max = 3.03e-03
INFO:core.algoritm:Iter 565: Error Max = 2.99e-03
INFO:core.algoritm:Iter 566: Error Max = 2.95e-03
INFO:core.algoritm:Iter 567: Error Max = 2.91e-03
INFO:core.algoritm:Iter 568: Error Max = 2.87e-03
INFO:core.algoritm:Iter 569: Error Max = 2.83e-03
INFO:core.algoritm:Iter 570: Error Max = 2.79e-03
INFO:core.algoritm:Iter 571: Error Max = 2.75e-03
INFO:core.algoritm:Iter 572: Error Max = 2.71e-03
INFO:core.algoritm:Iter 573: Error Max = 2.67e-03
INFO:core.algoritm:Iter 574: Error Max = 2.63e-03
INFO:core.algoritm:Iter 575: Error Max = 2.60e-03
INFO:core.algoritm:Iter 576: Error Max = 2.56e-03
INFO:core.algoritm:Iter 577: Error Max = 2.52e-03
INFO:core.algoritm:Iter 578: Error Max = 2.49e-03
INFO:core.algoritm:Iter 579: Error Max = 2.45e-03
INFO:core.algoritm:Iter 580: Error Max = 2.41e-03
INFO:core.algoritm:Iter 581: Error Max = 2.38e-03
INFO:core.algoritm:Iter 582: Error Max = 2.34e-03
INFO:core.algoritm:Iter 583: Error Max = 2.31e-03
INFO:core.algoritm:Iter 584: Error Max = 2.28e-03
INFO:core.algoritm:Iter 585: Error Max = 2.24e-03
INFO:core.algoritm:Iter 586: Error Max = 2.21e-03
INFO:core.algoritm:Iter 587: Error Max = 2.18e-03
INFO:core.algoritm:Iter 588: Error Max = 2.15e-03
INFO:core.algoritm:Iter 589: Error Max = 2.11e-03
INFO:core.algoritm:Iter 590: Error Max = 2.08e-03
INFO:core.algoritm:Iter 591: Error Max = 2.05e-03
INFO:core.algoritm:Iter 592: Error Max = 2.02e-03
INFO:core.algoritm:Iter 593: Error Max = 1.99e-03
INFO:core.algoritm:Iter 594: Error Max = 1.96e-03
INFO:core.algoritm:Iter 595: Error Max = 1.93e-03
INFO:core.algoritm:Iter 596: Error Max = 1.90e-03
INFO:core.algoritm:Iter 597: Error Max = 1.87e-03
INFO:core.algoritm:Iter 598: Error Max = 1.85e-03
INFO:core.algoritm:Iter 599: Error Max = 1.82e-03
INFO:core.algoritm:Iter 600: Error Max = 1.79e-03
INFO:core.algoritm:Iter 601: Error Max = 1.76e-03
INFO:core.algoritm:Iter 602: Error Max = 1.74e-03
INFO:core.algoritm:Iter 603: Error Max = 1.71e-03
INFO:core.algoritm:Iter 604: Error Max = 1.68e-03
INFO:core.algoritm:Iter 605: Error Max = 1.66e-03
INFO:core.algoritm:Iter 606: Error Max = 1.63e-03
INFO:core.algoritm:Iter 607: Error Max = 1.61e-03
INFO:core.algoritm:Iter 608: Error Max = 1.58e-03
INFO:core.algoritm:Iter 609: Error Max = 1.56e-03
INFO:core.algoritm:Iter 610: Error Max = 1.53e-03
INFO:core.algoritm:Iter 611: Error Max = 1.51e-03
INFO:core.algoritm:Iter 612: Error Max = 1.49e-03
INFO:core.algoritm:Iter 613: Error Max = 1.46e-03
INFO:core.algoritm:Iter 614: Error Max = 1.44e-03
INFO:core.algoritm:Iter 615: Error Max = 1.42e-03
INFO:core.algoritm:Iter 616: Error Max = 1.40e-03
INFO:core.algoritm:Iter 617: Error Max = 1.37e-03
INFO:core.algoritm:Iter 618: Error Max = 1.35e-03
INFO:core.algoritm:Iter 619: Error Max = 1.33e-03
INFO:core.algoritm:Iter 620: Error Max = 1.31e-03
INFO:core.algoritm:Iter 621: Error Max = 1.29e-03
INFO:core.algoritm:Iter 622: Error Max = 1.27e-03
INFO:core.algoritm:Iter 623: Error Max = 1.25e-03
INFO:core.algoritm:Iter 624: Error Max = 1.23e-03
INFO:core.algoritm:Iter 625: Error Max = 1.21e-03
INFO:core.algoritm:Iter 626: Error Max = 1.19e-03
INFO:core.algoritm:Iter 627: Error Max = 1.17e-03
INFO:core.algoritm:Iter 628: Error Max = 1.15e-03
INFO:core.algoritm:Iter 629: Error Max = 1.13e-03
INFO:core.algoritm:Iter 630: Error Max = 1.11e-03
INFO:core.algoritm:Iter 631: Error Max = 1.10e-03
INFO:core.algoritm:Iter 632: Error Max = 1.08e-03
INFO:core.algoritm:Iter 633: Error Max = 1.06e-03
INFO:core.algoritm:Iter 634: Error Max = 1.04e-03
INFO:core.algoritm:Iter 635: Error Max = 1.03e-03
INFO:core.algoritm:Iter 636: Error Max = 1.01e-03
INFO:core.algoritm:Iter 637: Error Max = 9.93e-04
INFO:core.algoritm:Iter 638: Error Max = 9.76e-04
INFO:core.algoritm:Iter 639: Error Max = 9.60e-04
INFO:core.algoritm:Iter 640: Error Max = 9.44e-04
INFO:core.algoritm:Iter 641: Error Max = 9.28e-04
INFO:core.algoritm:Iter 642: Error Max = 9.13e-04
INFO:core.algoritm:Iter 643: Error Max = 8.98e-04
INFO:core.algoritm:Iter 644: Error Max = 8.83e-04
INFO:core.algoritm:Iter 645: Error Max = 8.68e-04
INFO:core.algoritm:Iter 646: Error Max = 8.53e-04
INFO:core.algoritm:Iter 647: Error Max = 8.39e-04
INFO:core.algoritm:Iter 648: Error Max = 8.25e-04
INFO:core.algoritm:Iter 649: Error Max = 8.11e-04
INFO:core.algoritm:Iter 650: Error Max = 7.97e-04
INFO:core.algoritm:Iter 651: Error Max = 7.84e-04
INFO:core.algoritm:Iter 652: Error Max = 7.70e-04
INFO:core.algoritm:Iter 653: Error Max = 7.57e-04
INFO:core.algoritm:Iter 654: Error Max = 7.44e-04
INFO:core.algoritm:Iter 655: Error Max = 7.31e-04
INFO:core.algoritm:Iter 656: Error Max = 7.19e-04
INFO:core.algoritm:Iter 657: Error Max = 7.07e-04
INFO:core.algoritm:Iter 658: Error Max = 6.94e-04
INFO:core.algoritm:Iter 659: Error Max = 6.82e-04
INFO:core.algoritm:Iter 660: Error Max = 6.71e-04
INFO:core.algoritm:Iter 661: Error Max = 6.59e-04
INFO:core.algoritm:Iter 662: Error Max = 6.48e-04
INFO:core.algoritm:Iter 663: Error Max = 6.36e-04
INFO:core.algoritm:Iter 664: Error Max = 6.25e-04
INFO:core.algoritm:Iter 665: Error Max = 6.14e-04
INFO:core.algoritm:Iter 666: Error Max = 6.04e-04
INFO:core.algoritm:Iter 667: Error Max = 5.93e-04
INFO:core.algoritm:Iter 668: Error Max = 5.83e-04
INFO:core.algoritm:Iter 669: Error Max = 5.72e-04
INFO:core.algoritm:Iter 670: Error Max = 5.62e-04
INFO:core.algoritm:Iter 671: Error Max = 5.52e-04
INFO:core.algoritm:Iter 672: Error Max = 5.42e-04
INFO:core.algoritm:Iter 673: Error Max = 5.33e-04
INFO:core.algoritm:Iter 674: Error Max = 5.23e-04
INFO:core.algoritm:Iter 675: Error Max = 5.14e-04
INFO:core.algoritm:Iter 676: Error Max = 5.05e-04
INFO:core.algoritm:Iter 677: Error Max = 4.96e-04
INFO:core.algoritm:Iter 678: Error Max = 4.87e-04
INFO:core.algoritm:Iter 679: Error Max = 4.78e-04
INFO:core.algoritm:Iter 680: Error Max = 4.70e-04
INFO:core.algoritm:Iter 681: Error Max = 4.61e-04
INFO:core.algoritm:Iter 682: Error Max = 4.53e-04
INFO:core.algoritm:Iter 683: Error Max = 4.45e-04
INFO:core.algoritm:Iter 684: Error Max = 4.37e-04
INFO:core.algoritm:Iter 685: Error Max = 4.29e-04
INFO:core.algoritm:Iter 686: Error Max = 4.21e-04
INFO:core.algoritm:Iter 687: Error Max = 4.13e-04
INFO:core.algoritm:Iter 688: Error Max = 4.06e-04
INFO:core.algoritm:Iter 689: Error Max = 3.98e-04
INFO:core.algoritm:Iter 690: Error Max = 3.91e-04
INFO:core.algoritm:Iter 691: Error Max = 3.84e-04
INFO:core.algoritm:Iter 692: Error Max = 3.77e-04
INFO:core.algoritm:Iter 693: Error Max = 3.70e-04
INFO:core.algoritm:Iter 694: Error Max = 3.63e-04
INFO:core.algoritm:Iter 695: Error Max = 3.56e-04
INFO:core.algoritm:Iter 696: Error Max = 3.50e-04
INFO:core.algoritm:Iter 697: Error Max = 3.43e-04
INFO:core.algoritm:Iter 698: Error Max = 3.37e-04
INFO:core.algoritm:Iter 699: Error Max = 3.31e-04
INFO:core.algoritm:Iter 700: Error Max = 3.24e-04
INFO:core.algoritm:Iter 701: Error Max = 3.18e-04
INFO:core.algoritm:Iter 702: Error Max = 3.12e-04
INFO:core.algoritm:Iter 703: Error Max = 3.07e-04
INFO:core.algoritm:Iter 704: Error Max = 3.01e-04
INFO:core.algoritm:Iter 705: Error Max = 2.95e-04
INFO:core.algoritm:Iter 706: Error Max = 2.90e-04
INFO:core.algoritm:Iter 707: Error Max = 2.84e-04
INFO:core.algoritm:Iter 708: Error Max = 2.79e-04
INFO:core.algoritm:Iter 709: Error Max = 2.73e-04
INFO:core.algoritm:Iter 710: Error Max = 2.68e-04
INFO:core.algoritm:Iter 711: Error Max = 2.63e-04
INFO:core.algoritm:Iter 712: Error Max = 2.58e-04
INFO:core.algoritm:Iter 713: Error Max = 2.53e-04
INFO:core.algoritm:Iter 714: Error Max = 2.48e-04
INFO:core.algoritm:Iter 715: Error Max = 2.44e-04
INFO:core.algoritm:Iter 716: Error Max = 2.39e-04
INFO:core.algoritm:Iter 717: Error Max = 2.34e-04
INFO:core.algoritm:Iter 718: Error Max = 2.30e-04
INFO:core.algoritm:Iter 719: Error Max = 2.25e-04
INFO:core.algoritm:Iter 720: Error Max = 2.21e-04
INFO:core.algoritm:Iter 721: Error Max = 2.17e-04
INFO:core.algoritm:Iter 722: Error Max = 2.13e-04
INFO:core.algoritm:Iter 723: Error Max = 2.09e-04
INFO:core.algoritm:Iter 724: Error Max = 2.04e-04
INFO:core.algoritm:Iter 725: Error Max = 2.00e-04
INFO:core.algoritm:Iter 726: Error Max = 1.97e-04
INFO:core.algoritm:Iter 727: Error Max = 1.93e-04
INFO:core.algoritm:Iter 728: Error Max = 1.89e-04
INFO:core.algoritm:Iter 729: Error Max = 1.85e-04
INFO:core.algoritm:Iter 730: Error Max = 1.82e-04
INFO:core.algoritm:Iter 731: Error Max = 1.78e-04
INFO:core.algoritm:Iter 732: Error Max = 1.75e-04
INFO:core.algoritm:Iter 733: Error Max = 1.71e-04
INFO:core.algoritm:Iter 734: Error Max = 1.68e-04
INFO:core.algoritm:Iter 735: Error Max = 1.64e-04
INFO:core.algoritm:Iter 736: Error Max = 1.61e-04
INFO:core.algoritm:Iter 737: Error Max = 1.58e-04
INFO:core.algoritm:Iter 738: Error Max = 1.55e-04
INFO:core.algoritm:Iter 739: Error Max = 1.52e-04
INFO:core.algoritm:Iter 740: Error Max = 1.49e-04
INFO:core.algoritm:Iter 741: Error Max = 1.46e-04
INFO:core.algoritm:Iter 742: Error Max = 1.43e-04
INFO:core.algoritm:Iter 743: Error Max = 1.40e-04
INFO:core.algoritm:Iter 744: Error Max = 1.37e-04
INFO:core.algoritm:Iter 745: Error Max = 1.35e-04
INFO:core.algoritm:Iter 746: Error Max = 1.32e-04
INFO:core.algoritm:Iter 747: Error Max = 1.29e-04
INFO:core.algoritm:Iter 748: Error Max = 1.27e-04
INFO:core.algoritm:Iter 749: Error Max = 1.24e-04
INFO:core.algoritm:Iter 750: Error Max = 1.22e-04
INFO:core.algoritm:Iter 751: Error Max = 1.19e-04
INFO:core.algoritm:Iter 752: Error Max = 1.17e-04
INFO:core.algoritm:Iter 753: Error Max = 1.14e-04
INFO:core.algoritm:Iter 754: Error Max = 1.12e-04
INFO:core.algoritm:Iter 755: Error Max = 1.10e-04
INFO:core.algoritm:Iter 756: Error Max = 1.07e-04
INFO:core.algoritm:Iter 757: Error Max = 1.05e-04
INFO:core.algoritm:Iter 758: Error Max = 1.03e-04
INFO:core.algoritm:Iter 759: Error Max = 1.01e-04
INFO:core.algoritm:Iter 760: Error Max = 9.89e-05
INFO:core.algoritm:Iter 761: Error Max = 9.69e-05
INFO:core.algoritm:Iter 762: Error Max = 9.49e-05
INFO:core.algoritm:Iter 763: Error Max = 9.30e-05
INFO:core.algoritm:Iter 764: Error Max = 9.11e-05
INFO:core.algoritm:Iter 765: Error Max = 8.92e-05
INFO:core.algoritm:Iter 766: Error Max = 8.74e-05
INFO:core.algoritm:Iter 767: Error Max = 8.55e-05
INFO:core.algoritm:Iter 768: Error Max = 8.38e-05
INFO:core.algoritm:Iter 769: Error Max = 8.20e-05
INFO:core.algoritm:Iter 770: Error Max = 8.03e-05
INFO:core.algoritm:Iter 771: Error Max = 7.87e-05
INFO:core.algoritm:Iter 772: Error Max = 7.70e-05
INFO:core.algoritm:Iter 773: Error Max = 7.54e-05
INFO:core.algoritm:Iter 774: Error Max = 7.39e-05
INFO:core.algoritm:Iter 775: Error Max = 7.23e-05
INFO:core.algoritm:Iter 776: Error Max = 7.08e-05
INFO:core.algoritm:Iter 777: Error Max = 6.93e-05
INFO:core.algoritm:Iter 778: Error Max = 6.79e-05
INFO:core.algoritm:Iter 779: Error Max = 6.65e-05
INFO:core.algoritm:Iter 780: Error Max = 6.51e-05
INFO:core.algoritm:Iter 781: Error Max = 6.37e-05
INFO:core.algoritm:Iter 782: Error Max = 6.23e-05
INFO:core.algoritm:Iter 783: Error Max = 6.10e-05
INFO:core.algoritm:Iter 784: Error Max = 5.97e-05
INFO:core.algoritm:Iter 785: Error Max = 5.85e-05
INFO:core.algoritm:Iter 786: Error Max = 5.72e-05
INFO:core.algoritm:Iter 787: Error Max = 5.60e-05
INFO:core.algoritm:Iter 788: Error Max = 5.48e-05
INFO:core.algoritm:Iter 789: Error Max = 5.37e-05
INFO:core.algoritm:Iter 790: Error Max = 5.25e-05
INFO:core.algoritm:Iter 791: Error Max = 5.14e-05
INFO:core.algoritm:Iter 792: Error Max = 5.03e-05
INFO:core.algoritm:Iter 793: Error Max = 4.92e-05
INFO:core.algoritm:Iter 794: Error Max = 4.82e-05
INFO:core.algoritm:Iter 795: Error Max = 4.72e-05
INFO:core.algoritm:Iter 796: Error Max = 4.62e-05
INFO:core.algoritm:Iter 797: Error Max = 4.52e-05
INFO:core.algoritm:Iter 798: Error Max = 4.42e-05
INFO:core.algoritm:Iter 799: Error Max = 4.32e-05
INFO:core.algoritm:Iter 800: Error Max = 4.23e-05
INFO:core.algoritm:Iter 801: Error Max = 4.14e-05
INFO:core.algoritm:Iter 802: Error Max = 4.05e-05
INFO:core.algoritm:Iter 803: Error Max = 3.96e-05
INFO:core.algoritm:Iter 804: Error Max = 3.88e-05
INFO:core.algoritm:Iter 805: Error Max = 3.79e-05
INFO:core.algoritm:Iter 806: Error Max = 3.71e-05
INFO:core.algoritm:Iter 807: Error Max = 3.63e-05
INFO:core.algoritm:Iter 808: Error Max = 3.55e-05
INFO:core.algoritm:Iter 809: Error Max = 3.48e-05
INFO:core.algoritm:Iter 810: Error Max = 3.40e-05
INFO:core.algoritm:Iter 811: Error Max = 3.33e-05
INFO:core.algoritm:Iter 812: Error Max = 3.25e-05
INFO:core.algoritm:Iter 813: Error Max = 3.18e-05
INFO:core.algoritm:Iter 814: Error Max = 3.11e-05
INFO:core.algoritm:Iter 815: Error Max = 3.05e-05
INFO:core.algoritm:Iter 816: Error Max = 2.98e-05
INFO:core.algoritm:Iter 817: Error Max = 2.91e-05
INFO:core.algoritm:Iter 818: Error Max = 2.85e-05
INFO:core.algoritm:Iter 819: Error Max = 2.79e-05
INFO:core.algoritm:Iter 820: Error Max = 2.73e-05
INFO:core.algoritm:Iter 821: Error Max = 2.67e-05
INFO:core.algoritm:Iter 822: Error Max = 2.61e-05
INFO:core.algoritm:Iter 823: Error Max = 2.55e-05
INFO:core.algoritm:Iter 824: Error Max = 2.49e-05
INFO:core.algoritm:Iter 825: Error Max = 2.44e-05
INFO:core.algoritm:Iter 826: Error Max = 2.38e-05
INFO:core.algoritm:Iter 827: Error Max = 2.33e-05
INFO:core.algoritm:Iter 828: Error Max = 2.28e-05
INFO:core.algoritm:Iter 829: Error Max = 2.23e-05
INFO:core.algoritm:Iter 830: Error Max = 2.18e-05
INFO:core.algoritm:Iter 831: Error Max = 2.13e-05
INFO:core.algoritm:Iter 832: Error Max = 2.08e-05
INFO:core.algoritm:Iter 833: Error Max = 2.04e-05
INFO:core.algoritm:Iter 834: Error Max = 1.99e-05
INFO:core.algoritm:Iter 835: Error Max = 1.95e-05
INFO:core.algoritm:Iter 836: Error Max = 1.90e-05
INFO:core.algoritm:Iter 837: Error Max = 1.86e-05
INFO:core.algoritm:Iter 838: Error Max = 1.82e-05
INFO:core.algoritm:Iter 839: Error Max = 1.78e-05
INFO:core.algoritm:Iter 840: Error Max = 1.74e-05
INFO:core.algoritm:Iter 841: Error Max = 1.70e-05
INFO:core.algoritm:Iter 842: Error Max = 1.66e-05
INFO:core.algoritm:Iter 843: Error Max = 1.62e-05
INFO:core.algoritm:Iter 844: Error Max = 1.59e-05
INFO:core.algoritm:Iter 845: Error Max = 1.55e-05
INFO:core.algoritm:Iter 846: Error Max = 1.52e-05
INFO:core.algoritm:Iter 847: Error Max = 1.48e-05
INFO:core.algoritm:Iter 848: Error Max = 1.45e-05
INFO:core.algoritm:Iter 849: Error Max = 1.42e-05
INFO:core.algoritm:Iter 850: Error Max = 1.38e-05
INFO:core.algoritm:Iter 851: Error Max = 1.35e-05
INFO:core.algoritm:Iter 852: Error Max = 1.32e-05
INFO:core.algoritm:Iter 853: Error Max = 1.29e-05
INFO:core.algoritm:Iter 854: Error Max = 1.26e-05
INFO:core.algoritm:Iter 855: Error Max = 1.23e-05
INFO:core.algoritm:Iter 856: Error Max = 1.21e-05
INFO:core.algoritm:Iter 857: Error Max = 1.18e-05
INFO:core.algoritm:Iter 858: Error Max = 1.15e-05
INFO:core.algoritm:Iter 859: Error Max = 1.13e-05
INFO:core.algoritm:Iter 860: Error Max = 1.10e-05
INFO:core.algoritm:Iter 861: Error Max = 1.07e-05
INFO:core.algoritm:Iter 862: Error Max = 1.05e-05
INFO:core.algoritm:Iter 863: Error Max = 1.03e-05
INFO:core.algoritm:Iter 864: Error Max = 1.00e-05
INFO:core.algoritm:Iter 865: Error Max = 9.80e-06
